[   0.000000] Initializing cgroup subsys cpuset
[    0.000000] Initializing cgroup subsys cpu
[   00000] Initilizing cgroup subsys cpuacct
[    0.000000] Linux version 4.4.0-141-generic (buildd@lcy01-amd64-006) (gcc version 5.4.0 20160609 (Ubuntu 5.4.0-6ubuntu1~16.04.10) ) #167-Ubuntu SMP Wed Dec 5 10:40:15 UTC 2018 (Ubuntu 4.4.0-141.167-generic 4.4.162)
[    0.000000] Command line: BOOT_IMAGE=/boot/vmlinuz-4.4.0-141-generic root=LABEL=cloudimg-rootfs ro console=tty1 console=ttyS0
[    0.000000] KERNEL supported cpus:
[    0.000000]   Intel enuinIntel
[    0.000000]   AMD AuthentcAMD
[   0.000000]  Centaur CentaurHauls
[    0.000000] x86/fpu: xstate_offset[2]:  576, xstate_sizes[2]:  256
[    0.000000] x86/fpu: Supporting XSAVE feature 0x01: 'x87 floating point registers'
[    0.000000] x86/fpu: Supporting XSAVE feature 0x02: 'SSE registers'
[    0.000000] x86/fpu: Supporting XSAVE feature 0x04: 'AVX registers'
[    0.000000] x86/fpu: Enabled xstate features 07, context size is 832 bytes, using 'standard' format.
[    0.000000] e820: BIOS-provided physical RAM map:
[    0.000000] BIOS-e820: [mem 0x0000000000000000-0x000000000009fbff] usable
[    0.000000] BIOS-e820: [mem 0x000000000009fc00-0x000000000009ffff] reservd
[   0.000000] BIOS-e820: [mem 0x00000000000f0000-0x00000000000fffff] reserved
[    000000] BIO-e820: [mem 0x000000000100000-0x000000001ffeffff] usable
[    0.000000] BIOS-e820: [mem 0x000000001fff0000-0x000000001fffffff] ACPI data
[    0.000000] BIOS-e820: [mem 0x00000000fec00000-0x00000000fec00fff] reserved
[    0.000000] BIOS-e820: [mem 0x00000000fee00000-0x00000000fee00fff rserved
[    0.000000] BIOS-e820:[mem 0x00000000fffc0000-x00000000ffffffff] reseved
[   0.000000] NX (Execut Disable) proection: ctve
[    0.00000] SMBIOS 2.5 present.
[    0.000000] Hypervisor detected: KVM
[    0.000000] e820: last_pfn = 0x1fff0 max_arch_pfn = 0x400000000
[    0.000000] MTRR: Disabled
[    0.000000] x86/PAT: MTRRs disabled, skipping PAT initialization too.
[    0.000000] CPU MTRRs all blank - virtualized system.
[    0.000000] x86/PAT: Configuration [0-7]: WB  WT  UC- UC  WB  WT  UC- UC  
[    0.000000] found SMP MP-table at [mem 0x0009fff0-0x0009ffff] mapped at [ffff88000009fff0]
[   .000000] Scanning 1 areas for low memory corruption
[    0.00000] RAMDISK: [mem 0x1e8db000-0x1f750fff]
[    0.000000] ACPI: Early table checksum verification disabled
[    0.000000] ACPI: RSDP 0x00000000000E0000 000024 (v02 VBOX  )
[    0.000000] ACPI: XSDT 0x000000001FFF0030 00003C (v01 VBOX   VBOXXSDT 00000001 ASL  00000061)
[    0.000000] ACI:FACP 0x000000001FFF00F0 0000F4 (v0 VBOX   BOXFACP 00000001 ASL  00000061)[    0.000000] ACI: DDT 0x000000001FFF0470 0021FF (v02 VBOX   VBOXBIOS 00000002 INTL 20100528)
[   0.000000] ACPI: FACS 0x000000001FFF0200 000040
[    0.000000] ACPI: FACS 0x000000001FFF0200 000040
[    0.000000] ACPI: APIC 0x000000001FFF0240 00005C (v02 VBOX   VBOXAPIC 00000001 ASL  00000061)
[    0.000000 ACPI: SSDT 0x000000001FFF02A0 0001CC (v01 VBOX   VBOXCPUT 00000002 INTL 20100528)
[    0.000000] No NUMA configuration found
[    0.000000] Faking a node at [mem 0x000000000000000-0x000000001ffeffff]
[   0.000000] NODE_DATA(0) allocated [mem 0x1ffeb000-0x1ffeffff]
[    0.000000] kvm-clock: Using msrs 4b564d01 and 44b564d00
[    0.000000] kvm-clock: cpu 0, msr 0:1ffe3001, primary cpu clock
[    0.000000] kvm-clock: using sched offset of 3798656572 cycles
[    0.000000] clocksource: kvm-clock: mask: 0xffffffffffffffff max_cycles: 0x1cd42e4dffb, max_idle_ns: 881590591483 ns
[    0.000000] Zone ranges:
[    0.000000]   DMA      [mem 0x0000000000001000-0x0000000000ffffff]
[    0.000000]   DMA32    [mem 0x0000000001000000-0x000000001ffeffff]
[    0.000000]   Normal   empty
[    0.000000]   Device   empty
[    0.000000] Movable zone start for each node
[    0.000000] Early memorynode ranges
[    0.000000]   node   0: [mem 0x0000000000001000-0x000000000009efff]
[    0.000000]   node   0: [mem 0x0000000000100000-0x000000001ffeffff]
[    0.000000] Initmem setup node 0 [mem 0x0000000000001000-x000000001ffeffff]
[    0.000000] ACPI: PM-Timer IO Port 0x4008
    0.000000] IOAPIC[0]: apic_id 2, version 32, address 0xfec00000, GSI 0-23
[    0.000000] ACPI: INT_SRC_OVR (bus 0 bus_irq 0 global_irq 2 dfl dfl)
[    0.000000] ACPI: INT_SRC_OVR (bus 0 bus_irq 9 global_irq 9 low level)
[    0.000000] Using ACPI (MADT) for SMP configuration information
[    0.000000] smpboot: Allowing 2 CPUs, 0 hotplg CPUs
[   0.000000] PM: Registered nosvememory: [mm x00000000-0x000000fff]
[    0.000000] PM: Registered nosave memory: [mem 0x0009f00-0x0009ffff]
[   0.000000]PM: Registered nosave memory: [mem 0x000a0000-0x000effff]
[    0000000] P: Registered nosave memory: [mem 0x000f0000-0x000fffff]
[   0.000000] e20: [mem 0x200000-0xfebfffff] vailable for PCI devices
[    0.000000] Booting paravirtualized kernel on KVM
[    0.000000] clocksource: refined-jiffies: mask: 0xffffffff max_cycles: 0xffffffff, max_idle_ns: 7645519600211568 ns
[    0.000000] setuppercpu: NR_CPUS:512 nr_cpumask_bits:512 nr_cpu_ids:2 nr_noe_ids:1
[    0.00000] PERCPU: Emedded 34 pages/cpu@ffff88001fc00000 s99608 r8192 d31464 u1048576
[    0.00000] PV qspinlock hash table entries: 256 (order: 0, 4096 bytes)
[   .00000] Built1 onlits in Node order, mobility grouping on.  Total pages: 128888
[    0.000000] Policy zone: DMA32
[    0.000000] Kernel command line: BOOT_IMAGE=/boot/vmlinuz-4.4.0-141-generic root=LABEL=cloudimg-rootfs ro console=tty1 console=ttyS0
[    0.000000] PID hash table entries: 2048 (order: 2, 16384 bytes)
[    0.0000000] Memory: 481616K/23832Kavailble (8568K krnel code, 1314K rwdata, 4008K rodata, 1528K init, 1316K bss, 42216K reserved, 0K cma-reserved)
[    0000000] SLUB: HWalign=64, Order=0-3, MinObjects=0, CPUs=2, Nodes=1
[   0.00000] Kernel/User page tables isolation: enabled
[    0000000] Hierarchical RCU implementation.
[    0.000000] 	Build-time adjustment of leaf fanout to 64.
[    0.000000] 	RCU restricting CPUs from NR_CPUS=512 to nr_cpu_ids=2.
[    0.000000] RCU: Adjusting geometry for rcu_fanout_leaf=64, nr_cpu_ids=2
[    0.000000] NR_IRQS:33024 nr_irqs:440 16
[    0.000000] Console: colour VGA+ 80x25
[    0.000000] console [tty1] enabled
[    0.000000] console [ttyS0] enabled
[    0.000000] tsc: Detected 2899.998 MHz processor
[    1.536174] Calibrating delay loop (skipped) preset value.. 5799.99 BogoMIPS (lpj=11599992)
[    1.538850] pid_max: deault: 32768 minimum: 301
[    1.566589] ACPI: Core revision 20150930
[    1.577964] ACPI: 2 ACPI AML tables successfully acquired and loaded
[    1.581506] Security Framework initialized
[    1.583329] Yama: becoming mindful.
[    1.592766] AppArmor: AppArmor initialized
[    1.594127] Dentry cache hash table entries: 65536 (order: 7, 524288 bytes)
[    1.611952] Inode-cache hash table entries: 32768 (order: 6, 262144 bytes)
[    1.629497] Mount-cache hash table entries: 1024 (order: 1, 8192 bytes)
[    1.652730] Mountpoint-cache hash table entries: 1024 (order: 1, 8192 bytes)
[    1.686851] Initializing cgroup subsys io
[    1.707080] Initializing cgroup subsys memory
[    1.719990] Initializing cgroup subsys devices
[    1.744344] Initializing cgroup subsys freezer
[    1.764714] Initializing cgroup subsys net_cls
[    1.776651] Initializing cgroup subsys perf_event
[    1.787022] Initializing cgroup subsys net_prio
[    1.792448] Initializing cgroup subsys hugetlb
[    1.808508] Initializing cgroup subsys pids
[    1.815286] mce: CPU supports 0 MCE banks
[    1.832583] Last level iTLB entries: 4KB 64, 2MB 8, 4MB 8
[    1.846235] Last level dTLB entries: 4KB 64, 2MB 0, 4MB 0, 1GB 4
[    1.852990] Spectre V2 : Mitigation: Full generic retpoline
[    1.856368] Spectre V2 : Spectre v2 mitigation: Speculation control IBPB not-supported IBRS not-supported
[    1.859031] Spectre V2 : Spectre v2 / SpectreRSB mitigation: Filling RSB on context switch
[    1.861881] Speculative Store Bypass: Vulnerable
[    1.870706] Freeing SMP alternatives memory: 32K
[    1.892266] ftrace: allocating 32291 entries in 127 pages
[    1.963037] smpboot: APIC(0) Converting physical 0 to logical package 0
[    1.967866] smpboot: Max logical packages: 1
[    1.972051] x2apic enabled
[    1.974395] Switched APIC routing to physical x2apic.
[    1.984386] ..TIMER: vector=0x30 apic1=0 pin1=2 apic2=-1 pin2=-1
[    2.095949] smpboot: CPU0: Intel(R) Core(TM) i5-5287U CPU @ 2.90GHz (family: 0x6, model: 0x3d, stepping: 0x4)
[    2.135069] Performance Events: unsupported p6 CPU model 61 no PMU driver, software events only.
[    2.146840] KVM setup paravirtual spinlock
[    2.149247] x86: Booting SMP configuration:
[    2.150634] .... node  #0, CPUs:      #1
[    2.154841] kvm-clock: cpu 1, msr 0:1ffe3041, secondary cpu clock
[    2.158361] mce: CPU supports 0 MCE banks
[    2.162544] x86: Booted up 1 node, 2 CPUs
[    2.172989] smpboot: Total of 2 processors activated (11599.99 BogoMIPS)
[    2.190387] devtmpfs: initialized
[    2.201106] evm: security.selinux
[    2.221207] evm: security.SMACK64
[    2.228153] evm: security.SMACK64EXEC
[    2.247175] evm: security.SMACK64TRANSMUTE
[    2.257236] evm: security.SMACK64MMAP
[    2.268756] evm: security.ima
[    2.270022] evm: security.capability
[    2.271800] clocksource: jiffies: mask: 0xffffffff max_cycles: 0xffffffff, max_idle_ns: 7645041785100000 ns
[    2.282171] futex hash table entries: 512 (order: 3, 32768 bytes)
[    2.293534] pinctrl core: initialized pinctrl subsystem
[    2.308836] RTC time: 21:54:29, date: 01/28/19
[    2.321072] NET: Registered protocol family 16
[    2.336631] cpuidle: using governor ladder
[    2.352847] cpuidle: using governor menu
[    2.357283] PCCT header not found.
[    2.360960] ACPI: bus type PCI registered
[    2.365464] acpiphp: ACPI Hot Plug PCI Controller Driver version: 0.5
[    2.374764] PCI: Using configuration type 1 for base access
[    2.406661] ACPI: Added _OSI(Module Device)
[    2.416071] ACPI: Added _OSI(Processor Device)
[    2.427609] ACPI: Added _OSI(3.0 _SCP Extensions)
[    2.436173] ACPI: Added _OSI(Processor Aggregator Device)
[    2.447268] ACPI: Executed 1 blocks of module-level executable AML code
[    2.462921] ACPI: Interpreter enabled
[    2.466701] ACPI: (supports S0 S5)
[    2.473577] ACPI: Using IOAPIC for interrupt routing
[    2.480164] PCI: Using host bridge windows from ACPI; if necessary, use "pci=nocrs" and report a bug
[    2.489161] ACPI: PCI Root Bridge [PCI0] (domain 0000 [bus 00-ff])
[    2.499712] acpi PNP0A03:00: _OSC: OS supports [ASPM ClockPM Segments MSI]
[    2.513204] acpi PNP0A03:00: _OSC: not requesting OS control; OS requires [ExtendedConfig ASPM ClockPM MSI]
[    2.525440] acpi PNP0A03:00: fail to add MMCONFIG information, can't access extended PCI configuration space under this bridge.
[    2.534917] PCI host bridge to bus 0000:00
[    2.540554] pci_bus 0000:00: root bus resource [io  0x0000-0x0cf7 window]
[    2.554517] pci_bus 0000:00: root bus resource [io  0x0d00-0xffff window]
[    2.559840] pci_bus 0000:00: root bus resource [mem 0x000a0000-0x000bffff window]
[    2.637216] pci_bus 0000:00: root bus resource [mem 0x20000000-0xfdffffff window]
[    2.659395] pci_bus 0000:00: root bus resource [bus 00-ff]
[    2.679148] pci 0000:00:01.1: legacy IDE quirk: reg 0x10: [io  0x01f0-0x01f7]
[    2.703426] pci 0000:00:01.1: legacy IDE quirk: reg 0x14: [io  0x03f6]
[    2.725007] pci 0000:00:01.1: legacy IDE quirk: reg 0x18: [io  0x0170-0x0177]
[    2.734184] pci 0000:00:01.1: legacy IDE quirk: reg 0x1c: [io  0x0376]
[    2.822931] pci 0000:00:07.0: quirk: [io  0x4000-0x403f] claimed by PIIX4 ACPI
[    2.825882] pci 0000:00:07.0: quirk: [io  0x4100-0x410f] claimed by PIIX4 SMB
[    2.839525] ACPI: PCI Interrupt Link [LNKA] (IRQs 5 9 10 *11)
[    2.852370] ACPI: PCI Interrupt Link [LNKB] (IRQs 5 9 *10 11)
[    2.855712] ACPI: PCI Interrupt Link [LNKC] (IRQs 5 *9 10 11)
[    2.865733] ACPI: PCI Interrupt Link [LNKD] (IRQs 5 9 10 *11)
[    2.870186] ACPI: Enabled 2 GPEs in block 00 to 07
[    2.873048] vgaarb: setting as boot device: PCI:0000:00:02.0
[    2.877671] vgaarb: device added: PCI:0000:00:02.0,decodes=io+mem,owns=io+mem,locks=none
[    2.894813] vgaarb: loaded
[    2.897189] vgaarb: bridge control possible 0000:00:02.0
[    2.899488] SCSI subsystem initialized
[    2.901253] ACPI: bus type USB registered
[    2.905495] usbcore: registered new interface driver usbfs
[    2.909576] usbcore: registered new interface driver hub
[    2.911642] usbcore: registered new device driver usb
[    2.913985] PCI: Using ACPI for IRQ routing
[    2.916277] NetLabel: Initializing
[    2.917702] NetLabel:  domain hash size = 128
[    2.919522] NetLabel:  protocols = UNLABELED CIPSOv4
[    2.922264] NetLabel:  unlabeled traffic allowed by default
[    2.925636] amd_nb: Cannot enumerate AMD northbridges
[    2.928267] clocksource: Switched to clocksource kvm-clock
[    2.949482] AppArmor: AppArmor Filesystem Enabled
[    2.95962] pnp: PnP ACPI ini
[    3.025254] pnp: PnP ACPI: found 3 devices

[  3.038261] clocksource: acpi_pm: mask: 0xffffff max_cycles: 0xffffff, max_idle_ns: 2085701024 ns
[    3.140485] NET: Registered protocol family 2

[    3.143481] TCP established hash table entries: 4096 order: 3, 32768 bytes)
[    3.175425] TCP bind hash table entries: 4096 (order: 4, 65536 bytes)
[    3.195477] TCP: Hash tables configured (established 4096 bind 4096)
[    3.199282] UDP hash table entries: 256 (order: 1, 8192 bytes)
[    3.201556] UDP-Lite hash table entries: 256 (order: 1, 8192 bytes)
[    3.203995] NT: Reistered protocol family 1
[    3.249643] pci 0000:00:00.0: Limiting direct PCI/PCI transfers
[    3.252135] pci 0000:00:01.0: Activating ISA DMA hang workarounds
[   3.255838] Unpacking initramfs...

[    3.497853] Freeing initrd memory: 14808K
[    3.507139] RAPL PMU detected, API unit is 2^-32 Joules, 4 fixed counters 10737418240 ms ovfl timer
[    3.525587] hw unit of domain pp0-core 2^-0 Joules
[    3.538836] hw unit of domain package 2^-0 Joules
[    3.544472] hw unit of domain dram 2^-0 Joules
[    3.549827] hw unit of domain pp1-gpu 2^-0 Joules
[    3.556224] platform rtc_cmos: registered platform RTC device (no PNP device found)
[    3.576355] Scanning for low memory corruption every 60 seconds
[    3.587556] audit: initializing netlink subsys (disabled)
[    3.589549] audit: type=2000 audit(1548712473.450:1): initialized
[    3.591610] Initialise system trusted keyring
[    3.594010] HugeTLB registered 2 MB page size, pre-allocated 0 pages
[    3.606926] zbud: loaded
[    3.608811] VFS: Disk quotas dquot_6.6.0
[    3.610691] VFS: Dquot-cache hash table entries: 512 (order 0, 4096 bytes)
[    3.613623] squashfs: version 4.0 (2009/01/31) Phillip Lougher
[    3.624417] fuse init (API version 7.23)
[    3.626314] Key type big_key registered
[    3.627910] Allocating IMA MOK and blacklist keyrings.
[    3.632538] Key type asymmetric registered
[    3.634575] Asymmetric key parser 'x509' registered
[    3.641872] Block layer SCSI generic (bsg) driver version 0.4 loaded (major 249)
[    3.648967] io scheduler noop registered
[    3.657820] io scheduler deadline registered (default)
[    3.659870] io scheduler cfq registered
[    3.661309] pci_hotplug: PCI Hot Plug PCI Core version: 0.5
[    3.662995] pciehp: PCI Express Hot Plug Controller Driver version: 0.4
[    3.667585] ACPI: AC Adapter [AC] (off-line)
[    3.677798] input: Power Button as /devices/LNXSYSTM:00/LNXPWRBN:00/input/input0
[    3.687387] ACPI: Power Button [PWRF]
[    3.693291] input: Sleep Button as /devices/LNXSYSTM:00/LNXSLPBN:00/input/input1
[    3.706926] ACPI: Sleep Button [SLPF]
[    3.718739] ACPI: Battery Slot [BAT0] (battery present)
[    3.722692] GHES: HEST is not enabled!
[    3.724378] Serial: 8250/16550 driver, 32 ports, IRQ sharing enabled
[    3.756391] 00:02: ttyS0 at I/O 0x3f8 (irq = 4, base_baud = 115200) is a 16550A
[    3.779378] Linux agpgart interface v0.103
[    3.789572] loop: module loaded
[    3.791714] scsi host0: ata_piix
[    3.794249] scsi host1: ata_piix
[    3.796144] ata1: PATA max UDMA/33 cmd 0x1f0 ctl 0x3f6 bmdma 0xd000 irq 14
[    3.798370] ata2: PATA max UDMA/33 cmd 0x170 ctl 0x376 bmdma 0xd008 irq 15
[    3.817332] libphy: Fixed MDIO Bus: probed
[    3.826032] tun: Universal TUN/TAP device driver, 1.6
[    3.830478] tun: (C) 1999-2004 Max Krasnyansky <maxk@qualcomm.com>
[    3.840017] PPP generic driver version 2.4.2
[    3.842747] ehci_hcd: USB 2.0 'Enhanced' Host Controller (EHCI) Driver
[    3.852081] ehci-pci: EHCI PCI platform driver
[    3.860640] ehci-platform: EHCI generic platform driver
[    3.862713] ohci_hcd: USB 1.1 'Open' Host Controller (OHCI) Driver
[    3.875243] ohci-pci: OHCI PCI platform driver
[    3.880211] ohci-platform: OHCI generic platform driver
[    3.886561] uhci_hcd: USB Universal Host Controller Interface driver
[    3.888630] i8042: PNP: PS/2 Controller [PNP0303:PS2K,PNP0f03:PS2M] at 0x60,0x64 irq 1,12
[    3.894295] serio: i8042 KBD port at 0x60,0x64 irq 1
[    3.907949] serio: i8042 AUX port at 0x60,0x64 irq 12
[    3.922529] mousedev: PS/2 mouse device common for all mice
[    3.926294] rtc_cmos rtc_cmos: rtc core: registered rtc_cmos as rtc0
[    3.946856] rtc_cmos rtc_cmos: alarms up to one day, 114 bytes nvram
[    3.950722] i2c /dev entries driver
[    3.952236] input: AT Translated Set 2 keyboard as /devices/platform/i8042/serio0/input/input2
[    3.965466] device-mapper: uevent: version 1.0.3
[    3.968745] device-mapper: ioctl: 4.34.0-ioctl (2015-10-28) initialised: dm-devel@redhat.com
[    3.971393] ledtrig-cpu: registered to indicate activity on CPUs
[    3.974075] NET: Registered protocol family 10
[    3.991237] NET: Registered protocol family 17
[    4.003277] Key type dns_resolver registered
[    4.017730] registered taskstats version 1
[    4.027573] Loading compiled-in X.509 certificates
[    4.038229] Loaded X.509 cert 'Build time autogenerated kernel key: 7c9fb337b82e5a343493fe891c556beae1895c7c'
[    4.041812] zswap: loaded using pool lzo/zbud
[    4.045276] Key type trusted registered
[    4.059697] Key type encrypted registered
[    4.062312] AppArmor: AppArmor sha1 policy hashing enabled
[    4.063988] ima: No TPM chip found, activating TPM-bypass!
[    4.065735] ima: Allocated hash algorithm: sha1
[    4.067164] evm: HMAC attrs: 0x1
[    4.068894]   Magic number: 3:194:956
[    4.070113] pci 0000:00:04.0: hash matches
[    4.071472] rtc_cmos rtc_cmos: setting system clock to 2019-01-28 21:54:30 UTC (1548712470)
[    4.075500] BIOS EDD facility v0.16 2004-Jun-25, 0 devices found
[    4.077355] EDD information not available.
[    4.080079] Freeing unused kernel memory: 1528K
[    4.092929] Write protecting the kernel read-only data: 14336k
[    4.099809] Freeing unused kernel memory: 1660K
[    4.101916] Freeing unused kernel memory: 88K
Loading, please wait...
starting version[    4.118803] random: systemd-udevd: uninitialized urandom read (16 bytes read, 5 bits of entropy available)
 229
[    4.119392] random: udevadm: uninitialized urandom read (16 bytes read, 5 bits of entropy available)
[    4.119408] random: udevadm: uninitialized urandom read (16 bytes read, 5 bits of entropy available)
[    4.128419] random: udevadm: uninitialized urandom read (16 bytes read, 5 bits of entropy available)
[    4.128457] random: udevadm: uninitialized urandom read (16 bytes read, 5 bits of entropy available)
[    4.128569] random: udevadm: uninitialized urandom read (16 bytes read, 5 bits of entropy available)
[    4.128611] random: udevadm: uninitialized urandom read (16 bytes read, 5 bits of entropy available)
[    4.128652] random: udevadm: uninitialized urandom read (16 bytes read, 5 bits of entropy available)
[    4.128693] random: udevadm: uninitialized urandom read (16 bytes read, 5 bits of entropy available)
[    4.128734] random: udevadm: uninitialized urandom read (16 bytes read, 5 bits of entropy available)
[    4.314584] Fusion MPT base driver 3.04.20
[    4.332580] Copyright (c) 1999-2008 LSI Corporation
[    4.361721] e1000: Intel(R) PRO/1000 Network Driver - version 7.3.21-k8-NAPI
[    4.363827] e1000: Copyright (c) 1999-2006 Intel Corporation.
[    4.410706] Fusion MPT SPI Host driver 3.04.20
[    4.419452] AVX2 version of gcm_enc/dec engaged.
[    4.421419] AES CTR mode by8 optimization enabled
[    4.552413] tsc: Refined TSC clocksource calibration: 2899.792 MHz
[    4.554962] clocksource: tsc: mask: 0xffffffffffffffff max_cycles: 0x29cc7eae290, max_idle_ns: 440795328604 ns
[    4.600398] input: ImExPS/2 Generic Explorer Mouse as /devices/platform/i8042/serio1/input/input4
[    4.899155] e1000 0000:00:03.0 eth0: (PCI:33MHz:32-bit) 02:9c:d2:53:c1:d1
[    4.902543] e1000 0000:00:03.0 eth0: Intel(R) PRO/1000 Network Connection
[    5.382637] e1000 0000:00:08.0 eth1: (PCI:33MHz:32-bit) 08:00:27:6d:5d:e0
[    5.391728] e1000 0000:00:08.0 eth1: Intel(R) PRO/1000 Network Connection
[    5.399741] mptbase: ioc0: Initiating bringup
[    5.403521] e1000 0000:00:08.0 enp0s8: renamed from eth1
[    5.429180] e1000 0000:00:03.0 enp0s3: renamed from eth0
[    5.517172] ioc0: LSI53C1030 A0: Capabilities={Initiator}
[    6.218659] scsi host2: ioc0: LSI53C1030 A0, FwRev=00000000h, Ports=1, MaxQ=256, IRQ=20
[    6.728046] scsi 2:0:0:0: Direct-Access     VBOX     HARDDISK         1.0  PQ: 0 ANSI: 5
[    6.752103] scsi target2:0:0: Beginning Domain Validation
[    6.761479] scsi target2:0:0: Domain Validation skipping write tests
[    6.763538] scsi target2:0:0: Ending Domain Validation
[    6.765344] scsi target2:0:0: asynchronous
[    6.768701] scsi 2:0:1:0: Direct-Access     VBOX     HARDDISK         1.0  PQ: 0 ANSI: 5
[    6.771259] scsi target2:0:1: Beginning Domain Validation
[    6.775151] scsi target2:0:1: Domain Validation skipping write tests
[    7.465128] scsi target2:0:1: Ending Domain Validation
[    7.554669] scsi target2:0:1: asynchronous
[    8.043698] sd 2:0:0:0: Attached scsi generic sg0 type 0
[    8.045795] sd 2:0:0:0: [sda] 20971520 512-byte logical blocks: (10.7 GB/10.0 GiB)
[    8.046332] sd 2:0:1:0: [sdb] 20480 512-byte logical blocks: (10.5 MB/10.0 MiB)
[    8.046799] sd 2:0:1:0: [sdb] Write Protect is off
[    8.047054] sd 2:0:1:0: [sdb] Incomplete mode parameter data
[    8.047056] sd 2:0:1:0: [sdb] Assuming drive cache: write through
[    8.067354] sd 2:0:1:0: Attached scsi generic sg1 type 0
[    8.085346] sd 2:0:0:0: [sda] Write Protect is off
[    8.089071] sd 2:0:1:0: [sdb] Attached SCSI disk
[    8.098414] sd 2:0:0:0: [sda] Incomplete mode parameter data
[    8.100558] sd 2:0:0:0: [sda] Assuming drive cache: write through
[    8.121523]  sda: sda1
[    8.123845] sd 2:0:0:0: [sda] Attached SCSI disk
Begin: Loading essential drivers[    9.480857] md: linear personality registered for level -1
 ... [    9.492894] md: multipath personality registered for level -4
[    9.508820] md: raid0 personality registered for level 0
[    9.536768] md: raid1 personality registered for level 1
[    9.624834] raid6: sse2x1   gen()  9920 MB/s
[    9.696277] raid6: sse2x1   xor()  7731 MB/s
[    9.772599] raid6: sse2x2   gen() 12010 MB/s
[    9.840858] raid6: sse2x2   xor()  7371 MB/s
[    9.924404] raid6: sse2x4   gen()  8045 MB/s
[    9.992489] raid6: sse2x4   xor()  7128 MB/s
[   10.076490] raid6: avx2x1   gen() 14329 MB/s
[   10.148855] raid6: avx2x2   gen() 22261 MB/s
[   10.232311] raid6: avx2x4   gen() 25423 MB/s
[   10.253642] raid6: using algorithm avx2x4 gen() 25423 MB/s
[   10.273090] raid6: using avx2x2 recovery algorithm
[   10.306523] xor: automatically using best checksumming function:
[   10.348699]    avx       : 44778.000 MB/sec
[   10.367301] async_tx: api initialized (async)
[   10.386062] md: raid6 personality registered for level 6
[   10.401726] md: raid5 personality registered for level 5
[   10.417870] md: raid4 personality registered for level 4
[   10.425363] md: raid10 personality registered for level 10
done.
Begin: Running /scripts/init-premount ... done.
Begin: Mounting root file system ... Begin: Running /scripts/local-top ... done.
Begin: Running /scripts/local-premount ... [   10.471948] Btrfs loaded
Scanning for Btrfs filesystems
done.
Warning: fsck no[   10.509996] EXT4-fs (sda1): mounted filesystem with ordered data mode. Opts: (null)
t present, so skipping root file system
done.
Begin: Running /scripts/local-bottom ... done.
Begin: Running /scripts/init-bottom ... done.
[   10.641791] systemd[1]: systemd 229 running in system mode. (+PAM +AUDIT +SELINUX +IMA +APPARMOR +SMACK +SYSVINIT +UTMP +LIBCRYPTSETUP +GCRYPT +GNUTLS +ACL +XZ -LZ4 +SECCOMP +BLKID +ELFUTILS +KMOD -IDN)
[   10.647486] systemd[1]: Detected virtualization oracle.
[   10.649660] systemd[1]: Detected architecture x86-64.

Welcome to [1mUbuntu 16.04.5 LTS[0m!

[   10.673334] systemd[1]: Set hostname to <ubuntu>.
[   10.687384] systemd[1]: Initializing machine ID from random generator.
[   10.720676] systemd[1]: Installed transient /etc/machine-id file.
[   10.870200] systemd[1]: Created slice System Slice.
[[0;32m  OK  [0m] Created slice System Slice.
[   10.880989] systemd[1]: Listening on /dev/initctl Compatibility Named Pipe.
[[0;32m  OK  [0m] Listening on /dev/initctl Compatibility Named Pipe.
[   10.914345] systemd[1]: Listening on Journal Socket.
[[0;32m  OK  [0m] Listening on Journal Socket.
[   10.969008] systemd[1]: Starting Set console keymap...
         Starting Set console keymap...
[   10.978321] systemd[1]: Reached target System Time Synchronized.
[[0;32m  OK  [0m] Reached target System Time Synchronized.
[   10.984608] systemd[1]: Listening on Journal Audit Socket.
[[0;32m  OK  [0m] Listening on Journal Audit Socket.
[   10.990298] systemd[1]: Set up automount Arbitrary Executable File Formats File System Automount Point.
[[0;32m  OK  [0m] Set up automount Arbitrary Executab...ats File System Automount Point.
[   11.003646] systemd[1]: Listening on Device-mapper event daemon FIFOs.
[[0;32m  OK  [0m] Listening on Device-mapper event daemon FIFOs.
[   11.015560] systemd[1]: Listening on Syslog Socket.
[[0;32m  OK  [0m] Listening on Syslog Socket.
[   11.026801] systemd[1]: Listening on Journal Socket (/dev/log).
[[0;32m  OK  [0m] Listening on Journal Socket (/dev/log).
[   11.037124] systemd[1]: Reached target User and Group Name Lookups.
[[0;32m  OK  [0m] Reached target User and Group Name Lookups.
[   11.076712] systemd[1]: Mounting POSIX Message Queue File System...
         Mounting POSIX Message Queue File System...
[   11.108703] systemd[1]: Mounting Debug File System...
         Mounting Debug File System...
[   11.122955] systemd[1]: Starting Nameserver information manager...
         Starting Nameserver information manager...
[   11.157457] systemd[1]: Listening on LVM2 poll daemon socket.
[[0;32m  OK  [0m] Listening on LVM2 poll daemon socket.
[   11.183843] systemd[1]: Started Trigger resolvconf update for networkd DNS.
[[0;32m  OK  [0m] Started Trigger resolvconf update for networkd DNS.
[   11.224826] systemd[1]: Starting Remount Root and Kernel File Systems...
[   11.227384] EXT4-fs (sda1): re-mounted. Opts: (null)
         Starting Remount Root and Kernel File Systems...
[   11.250668] systemd[1]: Listening on udev Kernel Socket.
[[0;32m  OK  [0m] Listening on udev Kernel Socket.
[   11.293321] systemd[1]: Starting Create list of required static device nodes for the current kernel...
[   11.293854] random: nonblocking pool is initialized
         Starting Create list of required st... nodes for the current kernel...
[   11.337019] systemd[1]: Starting Load Kernel Modules...
         Starting Load Kernel Modules...
[   11.352214] systemd[1]: Reached target Encrypted Volumes.
[   11.354376] Loading iSCSI transport class v2.0-870.
[[0;32m  OK  [0m] Reached targ[   11.363894] iscsi: registered transport (tcp)
et Encrypted Volumes.
[   11.376993] systemd[1]: Listening on udev Control Socket.
[[0;32m  OK  [0m] Listening on udev Control Socket.
[   11.385948] systemd[1]: Starting Uncomplicated firewall...
         Starting Uncomplicated firewall...
[   11.409293] systemd[1]: Mounting Huge Pages File System...
         Mounting Huge Pages File System...
[   11.414025] systemd[1]: Created slice User and Session Slice.
[[0;32m  OK  [0m] Created slice User and Session Slice.
[   11.421163] systemd[1]: Reached target Slices.
[[0;32m  OK  [0m] Reached target Slices.
[   11.436840] systemd[1]: Reached target Swap.
[[0;32m  OK  [0m] Reached targ[   11.453494] iscsi: registered transport (iser)
et Swap.
[   11.469303] systemd[1]: Starting Journal Service...
         Starting Journal Service...
[   11.492761] systemd[1]: Created slice system-serial\x2dgetty.slice.
[[0;32m  OK  [0m] Created slice system-serial\x2dgetty.slice.
[   11.509434] systemd[1]: Listening on LVM2 metadata daemon socket.
[[0;32m  OK  [0m] Listening on LVM2 metadata daemon socket.
[   11.515925] systemd[1]: Starting Monitoring of LVM2 mirrors, snapshots etc. using dmeventd or progress polling...
         Starting Monitoring of LVM2 mirrors... dmeventd or progress polling...
[   11.556653] systemd[1]: Started Forward Password Requests to Wall Directory Watch.
[[0;32m  OK  [0m] Started Forward Password Requests to Wall Directory Watch.
[   11.589895] systemd[1]: Mounted Debug File System.
[[0;32m  OK  [0m] Mounted Debug File System.
[   11.605367] systemd[1]: Mounted Huge Pages File System.
[[0;32m  OK  [0m] Mounted Huge Pages File System.
[   11.624621] systemd[1]: Mounted POSIX Message Queue File System.
[[0;32m  OK  [0m] Mounted POSIX Message Queue File System.
[   11.642317] systemd[1]: Started Journal Service.
[[0;32m  OK  [0m] Started Journal Service.
[[0;32m  OK  [0m] Started Set console keymap.
[[0;32m  OK  [0m] Started Remount Root and Kernel File Systems.
[[0;32m  OK  [0m] Started Create list of required sta...ce nodes for the current kernel.
[[0;32m  OK  [0m] Started Load Kernel Modules.
[[0;32m  OK  [0m] Started Uncomplicated firewall.
[[0;32m  OK  [0m] Started Nameserver information manager.
[[0;32m  OK  [0m] Started LVM2 metadata daemon.
         Starting Apply Kernel Variables...
         Mounting FUSE Control File System...
         Starting Create Static Device Nodes in /dev...
         Starting Load/Save Random Seed...
         Starting udev Coldplug all Devices...
         Starting Flush Journal to Persistent Storage...
[[0;32m  OK  [0m] Mounted FUSE Control File System.
[[0;32m  OK  [0m] Started Apply Kernel Variables.
[[0;32m  OK  [0m] Started Create Static Device Nodes in /dev.
[[0;32m  OK  [0m] Started Load/Save Random Seed.
[[0;32m  OK  [0m] Started Flush Journal to Persistent Storage.
[[0;32m  OK  [0m] Started udev Coldplug all Devices.
         Starting udev Kernel Device Manager...
[[0;32m  OK  [0m] Started udev Kernel Device Manager.
[[0;32m  OK  [0m] Started Dispatch Password Requests to Console Directory Watch.
[[0;32m  OK  [0m] Found device /dev/ttyS0.
[[0;32m  OK  [0m] Started Monitoring of LVM2 mirrors,...ng dmeventd or progress polling.
[[0;32m  OK  [0m] Reached target Local File Systems (Pre).
[[0;32m  OK  [0m] Reached target Local File Systems.
         Starting Set console font and keymap...
         Starting Commit a transient machine-id on disk...
         Starting Create Volatile Files and Directories...
         Starting LSB: AppArmor initialization...
         Starting Initial cloud-init job (pre-networking)...
         Starting Tell Plymouth To Write Out Runtime Data...
[[0;32m  OK  [0m] Started Tell Plymouth To Write Out Runtime Data.
[[0;32m  OK  [0m] Started Create Volatile Files and Directories.
[[0;32m  OK  [0m] Started Commit a transient machine-id on disk.
         Starting Update UTMP about System Boot/Shutdown...
[[0;32m  OK  [0m] Listening on Load/Save RF Kill Switch Status /dev/rfkill Watch.
[[0;32m  OK  [0m] Started Update UTMP about System Boot/Shutdown.
[   11.297228] cloud-init[532]: Cloud-init v. 18.4-0ubuntu1~16.04.2 running 'init-local' at Mon, 28 Jan 2019 21:54:39 +0000. Up 10.68 seconds.
[[0;32m  OK  [0m] Started LSB: AppArmor initialization.
[[0;32m  OK  [0m] Started Initial cloud-init job (pre-networking).
[[0;32m  OK  [0m] Reached target Network (Pre).
         Starting Raise network interfaces...
[[0;32m  OK  [0m] Started Set console font and keymap.
[[0;32m  OK  [0m] Created slice system-getty.slice.
[[0;32m  OK  [0m] Started Raise network interfaces.
         Starting Initial cloud-init job (metadata service crawler)...
[[0;32m  OK  [0m] Reached target Network.
[   12.616512] cloud-init[939]: Cloud-init v. 18.4-0ubuntu1~16.04.2 running 'init' at Mon, 28 Jan 2019 21:54:40 +0000. Up 12.03 seconds.
[   12.641128] cloud-init[939]: ci-info: ++++++++++++++++++++++++++++++++++++++Net device info+++++++++++++++++++++++++++++++++++++++
[   12.671822] cloud-init[939]: ci-info: +--------+-------+----------------------------+---------------+--------+-------------------+
[   12.689519] cloud-init[939]: ci-info: | Device |   Up  |          Address           |      Mask     | Scope  |     Hw-Address    |
[   12.690180] cloud-init[939]: [ci-info: +--------+-------+----------------------------+---------------+--------+-------------------+[0;32m  OK  [0m
] Started Initial cloud-init job (metadata service crawler).
[   12.691051] cloud-init[939]: ci-info: | enp0s3 |  True |         10.0.2.15          | 255.255.255.0 | global | 02:9c:d2:53:c1:d1 |
[   12.781584] cloud-init[939]: ci-info: | enp0s3 |  True | fe80::9c:d2ff:fe53:c1d1/64 |       .       |  link  | 02:9c:d2:53:c1:d1 |
[   12.782237] cloud-init[939]: ci-info: | enp0s8 | False |             .              |       .       |   .    | 08:00:27:6d:5d:e0 |
[[0;32m  OK  [0m] Reached target System Initialization.
[   12.782709] cloud-init[939]: ci-info: |   lo   |  True |         127.0.0.1          |   255.0.0.0   |  host  |         .         |
         [   12.847900] cloud-init[939]: ci-info: |   lo   |  True |          ::1/128           |       .       |  host  |         .         |
[   12.849124] Starting Socket activation for snappy daemon.cloud-init
[939]: ci-info: +--------+-------+----------------------------+---------------+--------+-------------------+
[[   12.883885] cloud-init[939]: ci-info: +++++++++++++++++++++++++++Route IPv4 info++++++++++++++++++++++++++++
[   12.884833] [0;32m  OK  [0mcloud-init] [939]: Started ACPI Events Check.ci-info: +-------+-------------+----------+---------------+-----------+-------+

[   12.909877] cloud-init[939]: ci-info: | Route | Destination | Gateway  |    Genmask    | Interface | Flags |
[   12.910804] cloud-init[939]: ci-info: +-------+-------------+----------+---------------+-----------+-------+
[   12.914977] cloud-init[939]: ci-info: |   0   |   0.0.0.0   | 10.0.2.2 |    0.0.0.0    |   enp0s3  |   UG  |
[[0;32m  OK  [0m] Reached target Paths.
[   12.915302] cloud-init[939]: ci-info: |   1   |   10.0.2.0  | 0.0.0.0  | 255.255.255.0 |   enp0s3  |   U   |
[   13.025310] cloud-init[939]: ci-info: +-------+-------------+----------+---------------+-----------+-------+
[   13.026076] cloud-init[939]: ci-info: +++++++++++++++++++Route IPv6 info+++++++++++++++++++
[[0;32m  OK  [0m] Listening on UUID daemon activation socket.
[   13.027389] cloud-init[939]: ci-info: +-------+-------------+---------+-----------+-------+
[   13.034811] cloud-init[939]: ci-info: | Route | Destination | Gateway | Interface | Flags |
[[0;32m  OK  [0m] Started Daily Cleanup of Temporary Directories.
         Starting LXD - unix socket.[   13.035495] cloud-init[939]: ci-info: +-------+-------------+---------+-----------+-------+

[   13.087335] cloud-init[939]: ci-info: |   0   |  fe80::/64  |    ::   |   enp0s3  |   U   |
[   13.120413] cloud-init[939]: ci-info: |   3   |   ff00::/8  |    ::   |   enp0s3  |   U   |
[[   13.121047] [0;32m  OK  [0mcloud-init] [939]: Listening on ACPID Listen Socket.ci-info: +-------+-------------+---------+-----------+-------+

[   13.121688] cloud-init[939]: Generating public/private rsa key pair.
[   13.143604] cloud-init[939]: Your identification has been saved in /etc/ssh/ssh_host_rsa_key.
[[0;32m  OK  [0m] Listening on D-Bus System Message Bus Socket.
[   13.147004] cloud-init[939]: Your public key has been saved in /etc/ssh/ssh_host_rsa_key.pub.
[[   13.171779] cloud-init[939]: The key fingerprint is:
[   13.172976] [0;32m  OK  [0mcloud-init] [939]: Started Daily apt download activities.SHA256:zziX24DU9gfkqrZybBBx1YL5ooW9cYknLsu6BuAuGhQ root@ubuntu-xenial

[[   13.211129] cloud-init[939]: The key's randomart image is:
[   13.212537] cloud-init[939]: +---[RSA 2048]----+
[   13.215302] cloud-init[939]: |         +..     |
[0;32m  OK  [0m] Started Daily apt upgrade and clean activities.
[[   13.216294] cloud-init[939]: |      . + . .    |
[   13.230773] cloud-init[939]: | E     = o o.    |
[   13.232648] cloud-init[939]: |. .   o B.=o     |
[   13.235205] cloud-init[939]: |.o     =SBo o    |
[   13.235386] cloud-init[939]: |...   +.o* + .   |
[   13.237459] cloud-init[939]: |o  . . =+ B . .  |
[   13.238514] cloud-init[939]: |.o  . + =+ + .   |
[   13.240321] cloud-init[939]: |+  .oo =o.. .    |
[   13.241793] cloud-init[939]: +----[SHA256]-----+
[   13.242847] cloud-init[939]: Generating public/private dsa key pair.
[   13.244741] cloud-init[939]: Your identification has been saved in /etc/ssh/ssh_host_dsa_key.
[   13.247151] cloud-init[939]: Your public key has been saved in /etc/ssh/ssh_host_dsa_key.pub.
[0;32m  OK  [0m] Reached target Timers.
[[   13.248976] cloud-init[939]: The key fingerprint is:
[0;32m  OK  [0m] Reached target Cloud-config availability.
[   13.271498] cloud-init[939]: SHA256:Q/zPoXBUiUplkJU+W+g4u9M1rpKKBS+ylsJA9BEdPlQ root@ubuntu-xenial
[   13.287310] cloud-init[939]: The key's randomart image is:
[   13.288452] cloud-init[939]: +---[DSA 1024]----+
[   13.290816] cloud-init[939]: |   .oooE.=+o..   |
[[0;32m  OK  [0m] Reached target Network is Online.
[   13.291417] cloud-init[939]: | . .o. .o.o..    |
[   13.310949] cloud-init[939]: |. . .o .oo..     |
[   13.317781] cloud-init[939]: | . .  ...o+ .    |
[   13.325233] cloud-init[939]: |.   .   Soo+.    |
[   13.327096]          cloud-init[939]: Starting iSCSI initiator daemon (iscsid)...|.    o  o+o+o.   |

[   13.327929] cloud-init[939]: |o ... o  =.oo.   |
[   13.381134] cloud-init[939]: |..oo +  = . .    |
[   13.381788] cloud-init[939]: | o. . ...+..     |
[   13.382982] cloud-init[939]: +----[SHA256]-----+
[[0;32m  OK  [0m] Listening on Socket activation for snappy daemon.
[[   13.383516] cloud-init[939]: Generating public/private ecdsa key pair.
[   13.419687] cloud-init[939]: Your identification has been saved in /etc/ssh/ssh_host_ecdsa_key.
[   13.421228] cloud-init[939]: Your public key has been saved in /etc/ssh/ssh_host_ecdsa_key.pub.
[0;32m  OK  [0m] Listening on LXD - unix socket.
[   13.421272] cloud-init[939]: The key fingerprint is:
[   13.848928] cloud-init[939]: SHA256:qA6qtZ0oyd09M4V7ndzgycSa7jNdEvD7SyMh82s7DdM root@ubuntu-xenial
[   13.875581] cloud-init[939]: The key's randomart image is:
[   13.876276] [cloud-init[0;32m  OK  [0m[939]: ] +---[ECDSA 256]---+Started iSCSI initiator daemon (iscsid).

[   13.876748] cloud-init[939]: |                 |
[   13.957101] cloud-init[939]: |         .       |
[   13.957770] cloud-init         [939]: Starting Login to default iSCSI targets...|          o      |

[   13.962752] cloud-init[939]: |       .   o     |
[   13.963683] cloud-init[939]: |      . So..+    |
[[0;32m  OK  [0m] Reached target Sockets.
[   13.966020] cloud-init[939]: |     . . .+O.E   |
[   13.987778] cloud-init[939]: |..+ o . o Xo%o   |
[[0;32m  OK  [0m] Reached target Basic System.
[   13.988011] cloud-init[939]: |o+ B o * * @++.  |
         [   14.020038] cloud-init[939]: |+.o +   Bo+oo..  |
[   14.021238] cloud-initStarting /etc/rc.local Compatibility...[939]: 
+----[SHA256]-----+
[   14.049356] cloud-init[939]: Generating public/private ed25519 key pair.
         Starting Accounts Service...
[   14.050032] cloud-init[939]: Your identification has been saved in /etc/ssh/ssh_host_ed25519_key.
[   14.097434] cloud-init[939]: Your public key has been saved in /etc/ssh/ssh_host_ed25519_key.pub.
[[0;32m  OK  [0m] Started FUSE filesystem for LXC.
[   14.098764] cloud-init[939]: The key fingerprint is:
         [   14.123911] cloud-init[939]: SHA256:4gqkhKyVTsp9Lhz7RylHVyhw0uI6sPjCdQrQDWkcHc0 root@ubuntu-xenial
[   14.125598] Starting Virtualbox guest utils...cloud-init
[939]: The key's randomart image is:
[   14.162749] cloud-init[939]: +--[ED25519 256]--+
         Starting Pollinate to seed the pseudo random number generator...
[   14.163350] cloud-init[939]: | ..+.*o.  .      |
[   14.174750] cloud-init[939]: |  = ..Eo . .     |
[   14.180771] cloud-init[939]: | o o. . . .      |
         Starting LSB: Record successful boot for GRUB...
[   14.181046] cloud-init[939]: |+..... . .       |
[   14.195413] cloud-init[939]: |+oB . o S        |
[   14.195970] cloud-init[939]: |=X.= + =         |
[[0;32m  OK  [0m] Started D-Bus System Message Bus.
[   14.216458] cloud-init[939]: |=o*.*.=          |
[[   14.243724] cloud-init[939]: |...*o. .         |
[0;32m  OK  [0m] Started Regular background program processing daemon.
[   14.244536] cloud-init[939]: | .  +o.          |
         Starting Login Service...
[   14.256370] cloud-init[939]: +----[SHA256]-----+
         Starting Snappy daemon...
[[0;32m  OK  [0m] Started ACPI event daemon.
         Starting System Logging Service...
[[0;32m  OK  [0m] Started Unattended Upgrades Shutdown.
         Starting LSB: MD monitoring daemon...
[[0;32m  OK  [0m] Started Deferred execution scheduler.
         Starting LXD - container startup/shutdown...
[[0;32m  OK  [0m] Started /etc/rc.local Compatibility.
[[0;32m  OK  [0m] Started System Logging Service.
[[0;32m  OK  [0m] Started Login to default iSCSI targets.
[[0;32m  OK  [0m] Started LXD - container startup/shutdown.
[[0;32m  OK  [0m] Started LSB: Record successful boot for GRUB.
[[0;32m  OK  [0m] Started LSB: MD monitoring daemon.
         Starting Authenticate and Authorize Users to Run Privileged Tasks...
[[0;32m  OK  [0m] Reached target Remote File Systems (Pre).
[[0;32m  OK  [0m] Reached target Remote File Systems.
         Starting LSB: automatic crash report generation...
         Starting Permit User Sessions...
         Starting LSB: daemon to balance interrupts for SMP systems...
         Starting LSB: Set the CPU Frequency Scaling governor to "ondemand"...
[[0;32m  OK  [0m] Started Virtualbox guest utils.
[[0;32m  OK  [0m] Started Pollinate to seed the pseudo random number generator.
[[0;32m  OK  [0m] Started Permit User Sessions.
[[0;32m  OK  [0m] Started Snappy daemon.
[[0;32m  OK  [0m] Started Login Service.
[[0;32m  OK  [0m] Started Authenticate and Authorize Users to Run Privileged Tasks.
[[0;32m  OK  [0m] Started Accounts Service.
         Starting Wait until snapd is fully seeded...
         Starting Terminate Plymouth Boot Screen...
         Starting Hold until boot process finishes up...
         Starting OpenBSD Secure Shell server...
[[0;32m  OK  [0m] Started LSB: automatic crash report generation.
[[0;32m  OK  [0m] Started LSB: daemon to balance interrupts for SMP systems.
[[0;32m  OK  [0m] Started LSB: Set the CPU Frequency Scaling governor to "ondemand".
[[0;32m  OK  [0m] Started Terminate Plymouth Boot Screen.
[[0;32m  OK  [0m] Started Hold until boot process finishes up.
[[0;32m  OK  [0m] Started OpenBSD Secure Shell server.
         Starting Set console scheme...
[[0;32m  OK  [0m] Started Getty on tty1.
[[0;32m  OK  [0m] Started Serial Getty on ttyS0.
[[0;32m  OK  [0m] Reached target Login Prompts.
[[0;32m  OK  [0m] Started Set console scheme.
[[0;32m  OK  [0m] Created slice User Slice of vagrant.
         Starting User Manager for UID 1000...
[[0;32m  OK  [0m] Started Session 1 of user vagrant.
[[0;32m  OK  [0m] Started User Manager for UID 1000.
[[0;32m  OK  [0m] Started Wait until snapd is fully seeded.
[[0;32m  OK  [0m] Reached target Multi-User System.
[[0;32m  OK  [0m] Reached target Graphical Interface.
         Starting Update UTMP about System Runlevel Changes...
         Starting Apply the settings specified in cloud-config...
[[0;32m  OK  [0m] Started Update UTMP about System Runlevel Changes.
[   17.622028] cloud-init[1330]: Generating locales (this might take a while)...
         Stopping User Manager for UID 1000...
[[0;32m  OK  [0m] Stopped User Manager for UID 1000.
[[0;32m  OK  [0m] Removed slice User Slice of vagrant.
[[0;32m  OK  [0m] Created slice User Slice of vagrant.
         Starting User Manager for UID 1000...
[[0;32m  OK  [0m] Started Session 2 of user vagrant.
[[0;32m  OK  [0m] Started User Manager for UID 1000.
[   18.928810] cloud-init[1330]:   en_US.UTF-8... done
[   18.935439] cloud-init[1330]: Generation complete.
[   19.359070] cloud-init[1330]: Cloud-init v. 18.4-0ubuntu1~16.04.2 running 'modules:config' at Mon, 28 Jan 2019 21:54:46 +0000. Up 17.45 seconds.
[[0;32m  OK  [0m] Started Apply the settings specified in cloud-config.
         Starting Execute cloud user/final scripts...
ci-info: no authorized ssh keys fingerprints found for user ubuntu.
<14>Jan 28 21:54:48 ec2: 
<14>Jan 28 21:54:48 ec2: #############################################################
<14>Jan 28 21:54:48 ec2: -----BEGIN SSH HOST KEY FINGERPRINTS-----
<14>Jan 28 21:54:48 ec2: 1024 SHA256:Q/zPoXBUiUplkJU+W+g4u9M1rpKKBS+ylsJA9BEdPlQ root@ubuntu-xenial (DSA)
<14>Jan 28 21:54:48 ec2: 256 SHA256:qA6qtZ0oyd09M4V7ndzgycSa7jNdEvD7SyMh82s7DdM root@ubuntu-xenial (ECDSA)
<14>Jan 28 21:54:48 ec2: 256 SHA256:4gqkhKyVTsp9Lhz7RylHVyhw0uI6sPjCdQrQDWkcHc0 root@ubuntu-xenial (ED25519)
<14>Jan 28 21:54:48 ec2: 2048 SHA256:zziX24DU9gfkqrZybBBx1YL5ooW9cYknLsu6BuAuGhQ root@ubuntu-xenial (RSA)
<14>Jan 28 21:54:48 ec2: -----END SSH HOST KEY FINGERPRINTS-----
<14>Jan 28 21:54:48 ec2: #############################################################
-----BEGIN SSH HOST KEY KEYS-----
ecdsa-sha2-nistp256 AAAAE2VjZHNhLXNoYTItbmlzdHAyNTYAAAAIbmlzdHAyNTYAAABBBOw1sJQoKio1d9W/YOkMDSIqCDhKmQ+C3GDN0D715h7pD1zIU3B/ri6IEOtL4KOe4BbohU4ZMXG0BZbn+QiTIBI= root@ubuntu-xenial
ssh-ed25519 AAAAC3NzaC1lZDI1NTE5AAAAIJo7C7e92Hii66lhbCJqZyg823Qyi5H5cZl1eYEPUpcS root@ubuntu-xenial
ssh-rsa AAAAB3NzaC1yc2EAAAADAQABAAABAQCwr5LdL1DYBEmGFHS6WeDvuryK3h+5ROxFVDt1Z5755aAkA6Gh9HRftyb6OSh2usVqI93dQnwY6oLDY18XeN4XFQRsnrWwK7fGnLBLeYmu37f2A8WpXZjYeQoHxDdPTN/qEfV4CK6fmKvNnhsRx0uNwUlEAl9Qsl0Q+Xbn44sng2dicGPQwsCLJpGuibMEJt6Bm7eBJbprGfGRcirEqHKrkmbmei0OJx/Ym99xW+B20PD8NicqMWjJEDWUMrVawZuu1KBQdFXhUO6yYyO6Mt5y4W0nZl+v+rxbOBtRViKsBw1CfT87MaWISW8rRfEzWLEQ8HmOvg+Ow2brHD211lWh root@ubuntu-xenial
-----END SSH HOST KEY KEYS-----
[   20.029450] cloud-init[1555]: Cloud-init v. 18.4-0ubuntu1~16.04.2 running 'modules:final' at Mon, 28 Jan 2019 21:54:48 +0000. Up 19.74 seconds.
[   20.084880] cloud-init[1555]: ci-info: no auth
Ubuntu 16.04.5 LTS proxy1 ttyS0

proxy1 login: 